./3_slides/make.sh: line 28: cd: source: No such file or directory
